
> material-kit-react@4.1.0 build
> next build

Ôû▓ Next.js 16.1.6 (Turbopack)
- Environments: .env.local, .env

node.exe : ÔÜá The 
"middleware" file 
convention is 
deprecated. Please 
use "proxy" instead. 
Learn more: https://n
extjs.org/docs/messag
es/middleware-to-prox
y
At line:1 char:1
+ & "C:\Program Files
\nodejs/node.exe" 
"C:\Program 
Files\nodejs/node_mo 
...
+ ~~~~~~~~~~~~~~~~~~~
~~~~~~~~~~~~~~~~~~~~~
~~~~~~~~~~~~~~~~~~~~~
~~~~~~~~
    + CategoryInfo   
           : NotSpe  
  cified: (ÔÜá The   
  "middle...lewar    
e-to-proxy:Strin    
g) [], RemoteExc    
eption
    + FullyQualified 
   ErrorId : Native  
  CommandError
 
  Creating an optimized production build ...

> Build error 
occurred
Error: Turbopack 
build failed with 13 
errors:
./src/styles/global.c
ss:2:2
Module not found: 
Can't resolve '~@font
source/inter/100.css'
[0m [90m 1 |[39m 
[90m/* Remove if 
fonts are not used 
*/[39m
[31m[1m>[22m[39m
[90m 2 |[39m [33m@
[39m[36mimport[39m 
[32m'~@fontsource/in
ter/100.css'[39m[33
m;[39m
 [90m   |[39m  
[31m[1m^[22m[39m
 [90m 3 |[39m [33m
@[39m[36mimport[39
m [32m'~@fontsource/
inter/200.css'[39m[
33m;[39m
 [90m 4 |[39m [33m
@[39m[36mimport[39
m [32m'~@fontsource/
inter/300.css'[39m[
33m;[39m
 [90m 5 |[39m [33m
@[39m[36mimport[39
m [32m'~@fontsource/
inter/400.css'[39m[
33m;[39m[0m



Import trace:
  Client Component 
Browser:
    ./src/styles/glob
al.css [Client 
Component Browser]
    
./src/app/layout.tsx 
[Server Component]

https://nextjs.org/do
cs/messages/module-no
t-found


./src/styles/global.c
ss:3:2
Module not found: 
Can't resolve '~@font
source/inter/200.css'
[0m [90m 1 |[39m 
[90m/* Remove if 
fonts are not used 
*/[39m
 [90m 2 |[39m [33m
@[39m[36mimport[39
m [32m'~@fontsource/
inter/100.css'[39m[
33m;[39m
[31m[1m>[22m[39m
[90m 3 |[39m [33m@
[39m[36mimport[39m 
[32m'~@fontsource/in
ter/200.css'[39m[33
m;[39m
 [90m   |[39m  
[31m[1m^[22m[39m
 [90m 4 |[39m [33m
@[39m[36mimport[39
m [32m'~@fontsource/
inter/300.css'[39m[
33m;[39m
 [90m 5 |[39m [33m
@[39m[36mimport[39
m [32m'~@fontsource/
inter/400.css'[39m[
33m;[39m
 [90m 6 |[39m [33m
@[39m[36mimport[39
m [32m'~@fontsource/
inter/500.css'[39m[
33m;[39m[0m



Import trace:
  Client Component 
Browser:
    ./src/styles/glob
al.css [Client 
Component Browser]
    
./src/app/layout.tsx 
[Server Component]

https://nextjs.org/do
cs/messages/module-no
t-found


./src/styles/global.c
ss:4:2
Module not found: 
Can't resolve '~@font
source/inter/300.css'
[0m [90m 2 |[39m 
[33m@[39m[36mimport
[39m [32m'~@fontsou
rce/inter/100.css'[3
9m[33m;[39m
 [90m 3 |[39m [33m
@[39m[36mimport[39
m [32m'~@fontsource/
inter/200.css'[39m[
33m;[39m
[31m[1m>[22m[39m
[90m 4 |[39m [33m@
[39m[36mimport[39m 
[32m'~@fontsource/in
ter/300.css'[39m[33
m;[39m
 [90m   |[39m  
[31m[1m^[22m[39m
 [90m 5 |[39m [33m
@[39m[36mimport[39
m [32m'~@fontsource/
inter/400.css'[39m[
33m;[39m
 [90m 6 |[39m [33m
@[39m[36mimport[39
m [32m'~@fontsource/
inter/500.css'[39m[
33m;[39m
 [90m 7 |[39m [33m
@[39m[36mimport[39
m [32m'~@fontsource/
inter/600.css'[39m[
33m;[39m[0m



Import trace:
  Client Component 
Browser:
    ./src/styles/glob
al.css [Client 
Component Browser]
    
./src/app/layout.tsx 
[Server Component]

https://nextjs.org/do
cs/messages/module-no
t-found


./src/styles/global.c
ss:5:2
Module not found: 
Can't resolve '~@font
source/inter/400.css'
[0m [90m 3 |[39m 
[33m@[39m[36mimport
[39m [32m'~@fontsou
rce/inter/200.css'[3
9m[33m;[39m
 [90m 4 |[39m [33m
@[39m[36mimport[39
m [32m'~@fontsource/
inter/300.css'[39m[
33m;[39m
[31m[1m>[22m[39m
[90m 5 |[39m [33m@
[39m[36mimport[39m 
[32m'~@fontsource/in
ter/400.css'[39m[33
m;[39m
 [90m   |[39m  
[31m[1m^[22m[39m
 [90m 6 |[39m [33m
@[39m[36mimport[39
m [32m'~@fontsource/
inter/500.css'[39m[
33m;[39m
 [90m 7 |[39m [33m
@[39m[36mimport[39
m [32m'~@fontsource/
inter/600.css'[39m[
33m;[39m
 [90m 8 |[39m [33m
@[39m[36mimport[39
m [32m'~@fontsource/
inter/700.css'[39m[
33m;[39m[0m



Import trace:
  Client Component 
Browser:
    ./src/styles/glob
al.css [Client 
Component Browser]
    
./src/app/layout.tsx 
[Server Component]

https://nextjs.org/do
cs/messages/module-no
t-found


./src/styles/global.c
ss:6:2
Module not found: 
Can't resolve '~@font
source/inter/500.css'
[0m [90m 4 |[39m 
[33m@[39m[36mimport
[39m [32m'~@fontsou
rce/inter/300.css'[3
9m[33m;[39m
 [90m 5 |[39m [33m
@[39m[36mimport[39
m [32m'~@fontsource/
inter/400.css'[39m[
33m;[39m
[31m[1m>[22m[39m
[90m 6 |[39m [33m@
[39m[36mimport[39m 
[32m'~@fontsource/in
ter/500.css'[39m[33
m;[39m
 [90m   |[39m  
[31m[1m^[22m[39m
 [90m 7 |[39m [33m
@[39m[36mimport[39
m [32m'~@fontsource/
inter/600.css'[39m[
33m;[39m
 [90m 8 |[39m [33m
@[39m[36mimport[39
m [32m'~@fontsource/
inter/700.css'[39m[
33m;[39m
 [90m 9 |[39m [33m
@[39m[36mimport[39
m [32m'~@fontsource/
inter/800.css'[39m[
33m;[39m[0m



Import trace:
  Client Component 
Browser:
    ./src/styles/glob
al.css [Client 
Component Browser]
    
./src/app/layout.tsx 
[Server Component]

https://nextjs.org/do
cs/messages/module-no
t-found


./src/styles/global.c
ss:7:2
Module not found: 
Can't resolve '~@font
source/inter/600.css'
[0m [90m  5 |[39m 
[33m@[39m[36mimpor
t[39m [32m'~@fontso
urce/inter/400.css'[
39m[33m;[39m
 [90m  6 |[39m [33
m@[39m[36mimport[3
9m [32m'~@fontsource
/inter/500.css'[39m
[33m;[39m
[31m[1m>[22m[39m
[90m  7 |[39m [33m@
[39m[36mimport[39m
 [32m'~@fontsource/i
nter/600.css'[39m[3
3m;[39m
 [90m    |[39m  
[31m[1m^[22m[39m
 [90m  8 |[39m [33
m@[39m[36mimport[3
9m [32m'~@fontsource
/inter/700.css'[39m
[33m;[39m
 [90m  9 |[39m [33
m@[39m[36mimport[3
9m [32m'~@fontsource
/inter/800.css'[39m
[33m;[39m
 [90m 10 |[39m [33
m@[39m[36mimport[3
9m [32m'~@fontsource
/inter/900.css'[39m
[33m;[39m[0m



Import trace:
  Client Component 
Browser:
    ./src/styles/glob
al.css [Client 
Component Browser]
    
./src/app/layout.tsx 
[Server Component]

https://nextjs.org/do
cs/messages/module-no
t-found


./src/styles/global.c
ss:8:2
Module not found: 
Can't resolve '~@font
source/inter/700.css'
[0m [90m  6 |[39m 
[33m@[39m[36mimpor
t[39m [32m'~@fontso
urce/inter/500.css'[
39m[33m;[39m
 [90m  7 |[39m [33
m@[39m[36mimport[3
9m [32m'~@fontsource
/inter/600.css'[39m
[33m;[39m
[31m[1m>[22m[39m
[90m  8 |[39m [33m@
[39m[36mimport[39m
 [32m'~@fontsource/i
nter/700.css'[39m[3
3m;[39m
 [90m    |[39m  
[31m[1m^[22m[39m
 [90m  9 |[39m [33
m@[39m[36mimport[3
9m [32m'~@fontsource
/inter/800.css'[39m
[33m;[39m
 [90m 10 |[39m [33
m@[39m[36mimport[3
9m [32m'~@fontsource
/inter/900.css'[39m
[33m;[39m
 [90m 11 |[39m [33
m@[39m[36mimport[3
9m [32m'~@fontsource
/roboto-mono/300.css'
[39m[33m;[39m[0m



Import trace:
  Client Component 
Browser:
    ./src/styles/glob
al.css [Client 
Component Browser]
    
./src/app/layout.tsx 
[Server Component]

https://nextjs.org/do
cs/messages/module-no
t-found


./src/styles/global.c
ss:9:2
Module not found: 
Can't resolve '~@font
source/inter/800.css'
[0m [90m  7 |[39m 
[33m@[39m[36mimpor
t[39m [32m'~@fontso
urce/inter/600.css'[
39m[33m;[39m
 [90m  8 |[39m [33
m@[39m[36mimport[3
9m [32m'~@fontsource
/inter/700.css'[39m
[33m;[39m
[31m[1m>[22m[39m
[90m  9 |[39m [33m@
[39m[36mimport[39m
 [32m'~@fontsource/i
nter/800.css'[39m[3
3m;[39m
 [90m    |[39m  
[31m[1m^[22m[39m
 [90m 10 |[39m [33
m@[39m[36mimport[3
9m [32m'~@fontsource
/inter/900.css'[39m
[33m;[39m
 [90m 11 |[39m [33
m@[39m[36mimport[3
9m [32m'~@fontsource
/roboto-mono/300.css'
[39m[33m;[39m
 [90m 12 |[39m [33
m@[39m[36mimport[3
9m [32m'~@fontsource
/roboto-mono/400.css'
[39m[33m;[39m[0m



Import trace:
  Client Component 
Browser:
    ./src/styles/glob
al.css [Client 
Component Browser]
    
./src/app/layout.tsx 
[Server Component]

https://nextjs.org/do
cs/messages/module-no
t-found


./src/styles/global.c
ss:10:2
Module not found: 
Can't resolve '~@font
source/inter/900.css'
[0m [90m  8 |[39m 
[33m@[39m[36mimpor
t[39m [32m'~@fontso
urce/inter/700.css'[
39m[33m;[39m
 [90m  9 |[39m [33
m@[39m[36mimport[3
9m [32m'~@fontsource
/inter/800.css'[39m
[33m;[39m
[31m[1m>[22m[39m
[90m 10 |[39m [33m@
[39m[36mimport[39m
 [32m'~@fontsource/i
nter/900.css'[39m[3
3m;[39m
 [90m    |[39m  
[31m[1m^[22m[39m
 [90m 11 |[39m [33
m@[39m[36mimport[3
9m [32m'~@fontsource
/roboto-mono/300.css'
[39m[33m;[39m
 [90m 12 |[39m [33
m@[39m[36mimport[3
9m [32m'~@fontsource
/roboto-mono/400.css'
[39m[33m;[39m
 [90m 13 |[39m [33
m@[39m[36mimport[3
9m [32m'~@fontsource
/plus-jakarta-sans/60
0.css'[39m[33m;[39
m[0m



Import trace:
  Client Component 
Browser:
    ./src/styles/glob
al.css [Client 
Component Browser]
    
./src/app/layout.tsx 
[Server Component]

https://nextjs.org/do
cs/messages/module-no
t-found


./src/styles/global.c
ss:13:2
Module not found: 
Can't resolve '~@font
source/plus-jakarta-s
ans/600.css'
[0m [90m 11 |[39m 
[33m@[39m[36mimpor
t[39m [32m'~@fontso
urce/roboto-mono/300.
css'[39m[33m;[39m
 [90m 12 |[39m [33
m@[39m[36mimport[3
9m [32m'~@fontsource
/roboto-mono/400.css'
[39m[33m;[39m
[31m[1m>[22m[39m
[90m 13 |[39m [33m@
[39m[36mimport[39m
 [32m'~@fontsource/p
lus-jakarta-sans/600.
css'[39m[33m;[39m
 [90m    |[39m  
[31m[1m^[22m[39m
 [90m 14 |[39m [33
m@[39m[36mimport[3
9m [32m'~@fontsource
/plus-jakarta-sans/70
0.css'[39m[33m;[39
m
 [90m 15 |[39m
 [90m 16 |[39m 
[90m/* Variables 
*/[39m[0m



Import trace:
  Client Component 
Browser:
    ./src/styles/glob
al.css [Client 
Component Browser]
    
./src/app/layout.tsx 
[Server Component]

https://nextjs.org/do
cs/messages/module-no
t-found


./src/styles/global.c
ss:14:2
Module not found: 
Can't resolve '~@font
source/plus-jakarta-s
ans/700.css'
[0m [90m 12 |[39m 
[33m@[39m[36mimpor
t[39m [32m'~@fontso
urce/roboto-mono/400.
css'[39m[33m;[39m
 [90m 13 |[39m [33
m@[39m[36mimport[3
9m [32m'~@fontsource
/plus-jakarta-sans/60
0.css'[39m[33m;[39
m
[31m[1m>[22m[39m
[90m 14 |[39m [33m@
[39m[36mimport[39m
 [32m'~@fontsource/p
lus-jakarta-sans/700.
css'[39m[33m;[39m
 [90m    |[39m  
[31m[1m^[22m[39m
 [90m 15 |[39m
 [90m 16 |[39m 
[90m/* Variables 
*/[39m
 [90m 17 |[39m 
[33m:[39mroot {[0m



Import trace:
  Client Component 
Browser:
    ./src/styles/glob
al.css [Client 
Component Browser]
    
./src/app/layout.tsx 
[Server Component]

https://nextjs.org/do
cs/messages/module-no
t-found


./src/styles/global.c
ss:11:2
Module not found: 
Can't resolve '~@font
source/roboto-mono/30
0.css'
[0m [90m  9 |[39m 
[33m@[39m[36mimpor
t[39m [32m'~@fontso
urce/inter/800.css'[
39m[33m;[39m
 [90m 10 |[39m [33
m@[39m[36mimport[3
9m [32m'~@fontsource
/inter/900.css'[39m
[33m;[39m
[31m[1m>[22m[39m
[90m 11 |[39m [33m@
[39m[36mimport[39m
 [32m'~@fontsource/r
oboto-mono/300.css'[
39m[33m;[39m
 [90m    |[39m  
[31m[1m^[22m[39m
 [90m 12 |[39m [33
m@[39m[36mimport[3
9m [32m'~@fontsource
/roboto-mono/400.css'
[39m[33m;[39m
 [90m 13 |[39m [33
m@[39m[36mimport[3
9m [32m'~@fontsource
/plus-jakarta-sans/60
0.css'[39m[33m;[39
m
 [90m 14 |[39m [33
m@[39m[36mimport[3
9m [32m'~@fontsource
/plus-jakarta-sans/70
0.css'[39m[33m;[39
m[0m



Import trace:
  Client Component 
Browser:
    ./src/styles/glob
al.css [Client 
Component Browser]
    
./src/app/layout.tsx 
[Server Component]

https://nextjs.org/do
cs/messages/module-no
t-found


./src/styles/global.c
ss:12:2
Module not found: 
Can't resolve '~@font
source/roboto-mono/40
0.css'
[0m [90m 10 |[39m 
[33m@[39m[36mimpor
t[39m [32m'~@fontso
urce/inter/900.css'[
39m[33m;[39m
 [90m 11 |[39m [33
m@[39m[36mimport[3
9m [32m'~@fontsource
/roboto-mono/300.css'
[39m[33m;[39m
[31m[1m>[22m[39m
[90m 12 |[39m [33m@
[39m[36mimport[39m
 [32m'~@fontsource/r
oboto-mono/400.css'[
39m[33m;[39m
 [90m    |[39m  
[31m[1m^[22m[39m
 [90m 13 |[39m [33
m@[39m[36mimport[3
9m [32m'~@fontsource
/plus-jakarta-sans/60
0.css'[39m[33m;[39
m
 [90m 14 |[39m [33
m@[39m[36mimport[3
9m [32m'~@fontsource
/plus-jakarta-sans/70
0.css'[39m[33m;[39
m
 [90m 15 |[39m[0m



Import trace:
  Client Component 
Browser:
    ./src/styles/glob
al.css [Client 
Component Browser]
    
./src/app/layout.tsx 
[Server Component]

https://nextjs.org/do
cs/messages/module-no
t-found


    at <unknown> (./s
rc/styles/global.css:
2:2)
    at <unknown> (htt
ps://nextjs.org/docs/
messages/module-not-f
ound)
    at <unknown> (./s
rc/styles/global.css:
3:2)
    at <unknown> (htt
ps://nextjs.org/docs/
messages/module-not-f
ound)
    at <unknown> (./s
rc/styles/global.css:
4:2)
    at <unknown> (htt
ps://nextjs.org/docs/
messages/module-not-f
ound)
    at <unknown> (./s
rc/styles/global.css:
5:2)
    at <unknown> (htt
ps://nextjs.org/docs/
messages/module-not-f
ound)
    at <unknown> (./s
rc/styles/global.css:
6:2)
    at <unknown> (htt
ps://nextjs.org/docs/
messages/module-not-f
ound)
    at <unknown> (./s
rc/styles/global.css:
7:2)
    at <unknown> (htt
ps://nextjs.org/docs/
messages/module-not-f
ound)
    at <unknown> (./s
rc/styles/global.css:
8:2)
    at <unknown> (htt
ps://nextjs.org/docs/
messages/module-not-f
ound)
    at <unknown> (./s
rc/styles/global.css:
9:2)
    at <unknown> (htt
ps://nextjs.org/docs/
messages/module-not-f
ound)
    at <unknown> (./s
rc/styles/global.css:
10:2)
    at <unknown> (htt
ps://nextjs.org/docs/
messages/module-not-f
ound)
    at <unknown> (./s
rc/styles/global.css:
13:2)
    at <unknown> (htt
ps://nextjs.org/docs/
messages/module-not-f
ound)
    at <unknown> (./s
rc/styles/global.css:
14:2)
    at <unknown> (htt
ps://nextjs.org/docs/
messages/module-not-f
ound)
    at <unknown> (./s
rc/styles/global.css:
11:2)
    at <unknown> (htt
ps://nextjs.org/docs/
messages/module-not-f
ound)
    at <unknown> (./s
rc/styles/global.css:
12:2)
    at <unknown> (htt
ps://nextjs.org/docs/
messages/module-not-f
ound)
