Current directory: C:\Users\user\OneDrive\Desktop\lenses
DATABASE_URL starts with: postgresql
Full DATABASE_URL length: 71
Attempting with env var...
Attempting with dummy valid URL...
node.exe : Failed with env var: Unknown property datasources provided to PrismaClient constructor.
At line:1 char:1
+ & "C:\Program Files\nodejs/node.exe" "C:\Program Files\nodejs/node_mo ...
+ ~~~~~~~~~~~~~~~~~~~~~~~~~~~~~~~~~~~~~~~~~~~~~~~~~~~~~~~~~~~~~~~~~~~~~
    + CategoryInfo          : NotSpecified: (Failed with env...nt constructor.:String) [], RemoteException
    + FullyQualifiedErrorId : NativeCommandError
 
Read more at https://pris.ly/d/client-constructor
Failed with dummy URL: PrismaClientConstructorValidationError: Unknown property datasources provided to PrismaClient 
constructor.
Read more at https://pris.ly/d/client-constructor
    at validatePrismaClientOptions (C:\Users\user\OneDrive\Desktop\lenses\node_modules\@prisma\client\src\runtime\utils
\validatePrismaClientOptions.ts:239:13)
    at new t (C:\Users\user\OneDrive\Desktop\lenses\node_modules\@prisma\client\src\runtime\getPrismaClient.ts:281:7)
    at dotenv (C:\Users\user\OneDrive\Desktop\lenses\test-prisma.ts:33:21)
    at Object.<anonymous> (C:\Users\user\OneDrive\Desktop\lenses\test-prisma.ts:44:1)
    at Module._compile (node:internal/modules/cjs/loader:1761:14)
    at Object.transformer 
(C:\Users\user\AppData\Local\npm-cache\_npx\fd45a72a545557e9\node_modules\tsx\dist\register-D46fvsV_.cjs:3:1104)
    at Module.load (node:internal/modules/cjs/loader:1481:32)
    at Module._load (node:internal/modules/cjs/loader:1300:12)
    at TracingChannel.traceSync (node:diagnostics_channel:328:14)
    at wrapModuleLoad (node:internal/modules/cjs/loader:245:24)
